******************************************************************************
             TMS320C2000 Linker PC v16.9.6                     
******************************************************************************
>> Linked Mon Feb 26 19:07:23 2018

OUTPUT FILE NAME:   <Project_Scratch.out>
ENTRY POINT SYMBOL: "_c_int00"  address: 00008fb9


MEMORY CONFIGURATION

         name            origin    length      used     unused   attr    fill
----------------------  --------  ---------  --------  --------  ----  --------
PAGE 0:
  BEGIN                 00000000   00000002  00000002  00000000  RWIX
  RAMM0                 00000122   000002de  0000004c  00000292  RWIX
  RAMLS0                00008000   00000800  000007fe  00000002  RWIX
  RAMLS1                00008800   00000800  000007ff  00000001  RWIX
  RAMLS2                00009000   00000800  00000089  00000777  RWIX
  RAMLS3                00009800   00000800  00000000  00000800  RWIX
  RAMLS4                0000a000   00000800  00000000  00000800  RWIX
  RAMD0                 0000b000   00000800  00000800  00000000  RWIX
  RAMGS14               0001a000   00001000  00000000  00001000  RWIX
  RAMGS15               0001b000   00001000  00000000  00001000  RWIX
  RESET                 003fffc0   00000002  00000000  00000002  RWIX

PAGE 1:
  BOOT_RSVD             00000002   00000120  00000000  00000120  RWIX
  RAMM1                 00000400   00000400  00000200  00000200  RWIX
  ADCA_RESULT           00000b00   00000020  00000018  00000008  RWIX
  ADCB_RESULT           00000b20   00000020  00000018  00000008  RWIX
  ADCC_RESULT           00000b40   00000020  00000018  00000008  RWIX
  ADCD_RESULT           00000b60   00000020  00000018  00000008  RWIX
  CPU_TIMER0            00000c00   00000008  00000008  00000000  RWIX
  CPU_TIMER1            00000c08   00000008  00000008  00000000  RWIX
  CPU_TIMER2            00000c10   00000008  00000008  00000000  RWIX
  PIE_CTRL              00000ce0   00000020  0000001a  00000006  RWIX
  PIE_VECT              00000d00   00000200  000001c0  00000040  RWIX
  DMA                   00001000   00000200  000000e0  00000120  RWIX
  CLA1                  00001400   00000040  0000003e  00000002  RWIX
  EPWM1                 00004000   00000100  00000100  00000000  RWIX
  EPWM2                 00004100   00000100  00000100  00000000  RWIX
  EPWM3                 00004200   00000100  00000100  00000000  RWIX
  EPWM4                 00004300   00000100  00000100  00000000  RWIX
  EPWM5                 00004400   00000100  00000100  00000000  RWIX
  EPWM6                 00004500   00000100  00000100  00000000  RWIX
  EPWM7                 00004600   00000100  00000100  00000000  RWIX
  EPWM8                 00004700   00000100  00000100  00000000  RWIX
  EPWM9                 00004800   00000100  00000100  00000000  RWIX
  EPWM10                00004900   00000100  00000100  00000000  RWIX
  EPWM11                00004a00   00000100  00000100  00000000  RWIX
  EPWM12                00004b00   00000100  00000100  00000000  RWIX
  ECAP1                 00005000   00000020  00000020  00000000  RWIX
  ECAP2                 00005020   00000020  00000020  00000000  RWIX
  ECAP3                 00005040   00000020  00000020  00000000  RWIX
  ECAP4                 00005060   00000020  00000020  00000000  RWIX
  ECAP5                 00005080   00000020  00000020  00000000  RWIX
  ECAP6                 000050a0   00000020  00000020  00000000  RWIX
  EQEP1                 00005100   00000040  00000022  0000001e  RWIX
  EQEP2                 00005140   00000040  00000022  0000001e  RWIX
  EQEP3                 00005180   00000040  00000022  0000001e  RWIX
  DACA                  00005c00   00000010  00000008  00000008  RWIX
  DACB                  00005c10   00000010  00000008  00000008  RWIX
  DACC                  00005c20   00000010  00000008  00000008  RWIX
  CMPSS1                00005c80   00000020  00000020  00000000  RWIX
  CMPSS2                00005ca0   00000020  00000020  00000000  RWIX
  CMPSS3                00005cc0   00000020  00000020  00000000  RWIX
  CMPSS4                00005ce0   00000020  00000020  00000000  RWIX
  CMPSS5                00005d00   00000020  00000020  00000000  RWIX
  CMPSS6                00005d20   00000020  00000020  00000000  RWIX
  CMPSS7                00005d40   00000020  00000020  00000000  RWIX
  CMPSS8                00005d60   00000020  00000020  00000000  RWIX
  SDFM1                 00005e00   00000080  00000080  00000000  RWIX
  SDFM2                 00005e80   00000080  00000080  00000000  RWIX
  MCBSPA                00006000   00000040  00000024  0000001c  RWIX
  MCBSPB                00006040   00000040  00000024  0000001c  RWIX
  SPIA                  00006100   00000010  00000010  00000000  RWIX
  SPIB                  00006110   00000010  00000010  00000000  RWIX
  SPIC                  00006120   00000010  00000010  00000000  RWIX
  SPID                  00006130   00000010  00000000  00000010  RWIX
  UPP                   00006200   00000100  00000048  000000b8  RWIX
  WD                    00007000   00000040  0000002b  00000015  RWIX
  NMIINTRUPT            00007060   00000010  00000007  00000009  RWIX
  XINT                  00007070   00000010  0000000b  00000005  RWIX
  SCIA                  00007200   00000010  00000010  00000000  RWIX
  SCIB                  00007210   00000010  00000010  00000000  RWIX
  SCIC                  00007220   00000010  00000010  00000000  RWIX
  SCID                  00007230   00000010  00000010  00000000  RWIX
  I2CA                  00007300   00000040  00000022  0000001e  RWIX
  I2CB                  00007340   00000040  00000022  0000001e  RWIX
  ADCA                  00007400   00000080  00000080  00000000  RWIX
  ADCB                  00007480   00000080  00000080  00000000  RWIX
  ADCC                  00007500   00000080  00000080  00000000  RWIX
  ADCD                  00007580   00000080  00000080  00000000  RWIX
  INPUT_XBAR            00007900   00000020  00000020  00000000  RWIX
  XBAR                  00007920   00000020  00000020  00000000  RWIX
  TRIG                  00007940   00000010  00000006  0000000a  RWIX
  DMACLASRCSEL          00007980   00000040  0000001a  00000026  RWIX
  EPWM_XBAR             00007a00   00000040  00000040  00000000  RWIX
  CLB_XBAR              00007a40   00000040  00000000  00000040  RWIX
  OUTPUT_XBAR           00007a80   00000040  00000040  00000000  RWIX
  GPIOCTRL              00007c00   00000180  00000180  00000000  RWIX
  GPIODAT               00007f00   00000030  00000030  00000000  RWIX
  RAMLS5                0000a800   00000800  000002cf  00000531  RWIX
  RAMD1                 0000b800   00000800  00000000  00000800  RWIX
  RAMGS0                0000c000   00001000  00000000  00001000  RWIX
  RAMGS1                0000d000   00001000  00000000  00001000  RWIX
  RAMGS2                0000e000   00001000  00000000  00001000  RWIX
  RAMGS3                0000f000   00001000  00000000  00001000  RWIX
  RAMGS4                00010000   00001000  00000000  00001000  RWIX
  RAMGS5                00011000   00001000  00000000  00001000  RWIX
  RAMGS6                00012000   00001000  00000000  00001000  RWIX
  RAMGS7                00013000   00001000  00000000  00001000  RWIX
  RAMGS8                00014000   00001000  00000000  00001000  RWIX
  RAMGS9                00015000   00001000  00000000  00001000  RWIX
  RAMGS10               00016000   00001000  00000000  00001000  RWIX
  RAMGS11               00017000   00001000  00000000  00001000  RWIX
  RAMGS12               00018000   00001000  00000000  00001000  RWIX
  RAMGS13               00019000   00001000  00000000  00001000  RWIX
  EMIF1                 00047000   00000800  00000070  00000790  RWIX
  EMIF2                 00047800   00000800  00000070  00000790  RWIX
  DEV_CFG               0005d000   00000180  0000012e  00000052  RWIX
  ANALOG_SUBSYS         0005d180   00000080  00000048  00000038  RWIX
  CLK_CFG               0005d200   00000100  00000032  000000ce  RWIX
  CPU_SYS               0005d300   00000100  00000082  0000007e  RWIX
  ROMPREFETCH           0005e608   00000002  00000002  00000000  RWIX
  DCSM_Z1               0005f000   00000030  00000024  0000000c  RWIX
  DCSM_Z2               0005f040   00000030  00000024  0000000c  RWIX
  DCSM_COMMON           0005f070   00000010  00000008  00000008  RWIX
  MEMCFG                0005f400   00000080  00000080  00000000  RWIX
  EMIF1CONFIG           0005f480   00000020  00000020  00000000  RWIX
  EMIF2CONFIG           0005f4a0   00000020  00000020  00000000  RWIX
  ACCESSPROTECTION      0005f4c0   00000040  00000040  00000000  RWIX
  MEMORYERROR           0005f500   00000040  00000040  00000000  RWIX
  ROMWAITSTATE          0005f540   00000002  00000002  00000000  RWIX
  FLASH0_CTRL           0005f800   00000300  00000182  0000017e  RWIX
  FLASH0_ECC            0005fb00   00000040  00000028  00000018  RWIX
  FLASH1_CTRL           0005fc00   00000300  00000182  0000017e  RWIX
  FLASH1_ECC            0005ff00   00000040  00000028  00000018  RWIX
  DCSM_Z1_OTP           00078000   00000020  00000020  00000000  RWIX
  DCSM_Z2_OTP           00078200   00000020  00000020  00000000  RWIX


SECTION ALLOCATION MAP

 output                                  attributes/
section   page    origin      length       input sections
--------  ----  ----------  ----------   ----------------
codestart 
*          0    00000000    00000002     
                  00000000    00000002     F2837xS_CodeStartBranch.obj (codestart)

.cinit     0    00000122    00000048     
                  00000122    0000002a     cpu_timers_cpu01.obj (.cinit)
                  0000014c    0000000a     rts2800_fpu32.lib : exit.obj (.cinit)
                  00000156    00000005     <whole-program> (.cinit:__lock)
                  0000015b    00000005     <whole-program> (.cinit:__unlock)
                  00000160    00000004     SFO_v8_fpu_lib_build_c28.lib : SFO_v7_fpu_lib_build_c28.obj (.cinit)
                  00000164    00000004     <whole-program> (.cinit)
                  00000168    00000002     --HOLE-- [fill = 0]

ramfuncs   0    0000016a    00000004     
                  0000016a    00000004     F2837xS_usDelay.obj (ramfuncs)

.pinit     0    00000122    00000000     UNINITIALIZED

.reset     0    003fffc0    00000002     DSECT
                  003fffc0    00000002     rts2800_fpu32.lib : boot.obj (.reset)

.text.1    0    00008000    000007fe     
                  00008000    00000458     ADC_CONFIG.obj (.text)
                  00008458    000002dd     cpu_timers_cpu01.obj (.text)
                  00008735    00000088     rts2800_fpu32.lib : fs_div.obj (.text)
                  000087bd    00000028     F2837xS_PieCtrl.obj (.text)
                  000087e5    00000019     rts2800_fpu32.lib : args_main.obj (.text)

.text.2    0    00008800    000007ff     
                  00008800    000002d9     F2837xS_SysCtrl.obj (.text)
                  00008ad9    0000015a     SFO_v8_fpu_lib_build_c28.lib : SFO_v7_fpu_lib_build_c28.obj (.text)
                  00008c33    00000156     cpu_timers_cpu01.obj (.text:retain)
                  00008d89    0000013f     F2837xS_EPwm.obj (.text)
                  00008ec8    000000f1     PWM_CONFIG.obj (.text)
                  00008fb9    00000046     rts2800_fpu32.lib : boot.obj (.text)

.text.3    0    00009000    00000089     
                  00009000    00000068     rts2800_fpu32.lib : exp.obj (.text)
                  00009068    00000019                       : exit.obj (.text)
                  00009081    00000008     F2837xS_CodeStartBranch.obj (.text)

.text.4    0    0000b000    00000800     
                  0000b000    00000585     F2837xS_DefaultISR.obj (.text:retain)
                  0000b585    00000238     F2837xS_Gpio.obj (.text)
                  0000b7bd    00000031     rts2800_fpu32.lib : ldexp.obj (.text)
                  0000b7ee    00000011     F2837xS_PieVect.obj (.text)
                  0000b7ff    00000001     rts2800_fpu32.lib : _lock.obj (.text)

.stack     1    00000400    00000200     UNINITIALIZED
                  00000400    00000200     --HOLE--

AdcaResultFile 
*          1    00000b00    00000018     UNINITIALIZED
                  00000b00    00000018     F2837xS_GlobalVariableDefs.obj (AdcaResultFile)

AdcbResultFile 
*          1    00000b20    00000018     UNINITIALIZED
                  00000b20    00000018     F2837xS_GlobalVariableDefs.obj (AdcbResultFile)

AdccResultFile 
*          1    00000b40    00000018     UNINITIALIZED
                  00000b40    00000018     F2837xS_GlobalVariableDefs.obj (AdccResultFile)

AdcdResultFile 
*          1    00000b60    00000018     UNINITIALIZED
                  00000b60    00000018     F2837xS_GlobalVariableDefs.obj (AdcdResultFile)

CpuTimer0RegsFile 
*          1    00000c00    00000008     UNINITIALIZED
                  00000c00    00000008     F2837xS_GlobalVariableDefs.obj (CpuTimer0RegsFile)

CpuTimer1RegsFile 
*          1    00000c08    00000008     UNINITIALIZED
                  00000c08    00000008     F2837xS_GlobalVariableDefs.obj (CpuTimer1RegsFile)

CpuTimer2RegsFile 
*          1    00000c10    00000008     UNINITIALIZED
                  00000c10    00000008     F2837xS_GlobalVariableDefs.obj (CpuTimer2RegsFile)

PieCtrlRegsFile 
*          1    00000ce0    0000001a     UNINITIALIZED
                  00000ce0    0000001a     F2837xS_GlobalVariableDefs.obj (PieCtrlRegsFile)

PieVectTableFile 
*          1    00000d00    000001c0     UNINITIALIZED
                  00000d00    000001c0     F2837xS_GlobalVariableDefs.obj (PieVectTableFile)

EmuKeyVar 
*          1    00000d00    00000001     UNINITIALIZED
                  00000d00    00000001     F2837xS_GlobalVariableDefs.obj (EmuKeyVar)

EmuBModeVar 
*          1    00000d01    00000001     UNINITIALIZED
                  00000d01    00000001     F2837xS_GlobalVariableDefs.obj (EmuBModeVar)

FlashCallbackVar 
*          1    00000d02    00000000     UNINITIALIZED

FlashScalingVar 
*          1    00000d02    00000000     UNINITIALIZED

DmaRegsFile 
*          1    00001000    000000e0     UNINITIALIZED
                  00001000    000000e0     F2837xS_GlobalVariableDefs.obj (DmaRegsFile)

Cla1RegsFile 
*          1    00001400    0000003e     UNINITIALIZED
                  00001400    0000003e     F2837xS_GlobalVariableDefs.obj (Cla1RegsFile)

EPwm1RegsFile 
*          1    00004000    00000100     UNINITIALIZED
                  00004000    00000100     F2837xS_GlobalVariableDefs.obj (EPwm1RegsFile)

EPwm2RegsFile 
*          1    00004100    00000100     UNINITIALIZED
                  00004100    00000100     F2837xS_GlobalVariableDefs.obj (EPwm2RegsFile)

EPwm3RegsFile 
*          1    00004200    00000100     UNINITIALIZED
                  00004200    00000100     F2837xS_GlobalVariableDefs.obj (EPwm3RegsFile)

EPwm4RegsFile 
*          1    00004300    00000100     UNINITIALIZED
                  00004300    00000100     F2837xS_GlobalVariableDefs.obj (EPwm4RegsFile)

EPwm5RegsFile 
*          1    00004400    00000100     UNINITIALIZED
                  00004400    00000100     F2837xS_GlobalVariableDefs.obj (EPwm5RegsFile)

EPwm6RegsFile 
*          1    00004500    00000100     UNINITIALIZED
                  00004500    00000100     F2837xS_GlobalVariableDefs.obj (EPwm6RegsFile)

EPwm7RegsFile 
*          1    00004600    00000100     UNINITIALIZED
                  00004600    00000100     F2837xS_GlobalVariableDefs.obj (EPwm7RegsFile)

EPwm8RegsFile 
*          1    00004700    00000100     UNINITIALIZED
                  00004700    00000100     F2837xS_GlobalVariableDefs.obj (EPwm8RegsFile)

EPwm9RegsFile 
*          1    00004800    00000100     UNINITIALIZED
                  00004800    00000100     F2837xS_GlobalVariableDefs.obj (EPwm9RegsFile)

EPwm10RegsFile 
*          1    00004900    00000100     UNINITIALIZED
                  00004900    00000100     F2837xS_GlobalVariableDefs.obj (EPwm10RegsFile)

EPwm11RegsFile 
*          1    00004a00    00000100     UNINITIALIZED
                  00004a00    00000100     F2837xS_GlobalVariableDefs.obj (EPwm11RegsFile)

EPwm12RegsFile 
*          1    00004b00    00000100     UNINITIALIZED
                  00004b00    00000100     F2837xS_GlobalVariableDefs.obj (EPwm12RegsFile)

ECap1RegsFile 
*          1    00005000    00000020     UNINITIALIZED
                  00005000    00000020     F2837xS_GlobalVariableDefs.obj (ECap1RegsFile)

ECap2RegsFile 
*          1    00005020    00000020     UNINITIALIZED
                  00005020    00000020     F2837xS_GlobalVariableDefs.obj (ECap2RegsFile)

ECap3RegsFile 
*          1    00005040    00000020     UNINITIALIZED
                  00005040    00000020     F2837xS_GlobalVariableDefs.obj (ECap3RegsFile)

ECap4RegsFile 
*          1    00005060    00000020     UNINITIALIZED
                  00005060    00000020     F2837xS_GlobalVariableDefs.obj (ECap4RegsFile)

ECap5RegsFile 
*          1    00005080    00000020     UNINITIALIZED
                  00005080    00000020     F2837xS_GlobalVariableDefs.obj (ECap5RegsFile)

ECap6RegsFile 
*          1    000050a0    00000020     UNINITIALIZED
                  000050a0    00000020     F2837xS_GlobalVariableDefs.obj (ECap6RegsFile)

EQep1RegsFile 
*          1    00005100    00000022     UNINITIALIZED
                  00005100    00000022     F2837xS_GlobalVariableDefs.obj (EQep1RegsFile)

EQep2RegsFile 
*          1    00005140    00000022     UNINITIALIZED
                  00005140    00000022     F2837xS_GlobalVariableDefs.obj (EQep2RegsFile)

EQep3RegsFile 
*          1    00005180    00000022     UNINITIALIZED
                  00005180    00000022     F2837xS_GlobalVariableDefs.obj (EQep3RegsFile)

DacaRegsFile 
*          1    00005c00    00000008     UNINITIALIZED
                  00005c00    00000008     F2837xS_GlobalVariableDefs.obj (DacaRegsFile)

DacbRegsFile 
*          1    00005c10    00000008     UNINITIALIZED
                  00005c10    00000008     F2837xS_GlobalVariableDefs.obj (DacbRegsFile)

DaccRegsFile 
*          1    00005c20    00000008     UNINITIALIZED
                  00005c20    00000008     F2837xS_GlobalVariableDefs.obj (DaccRegsFile)

Cmpss1RegsFile 
*          1    00005c80    00000020     UNINITIALIZED
                  00005c80    00000020     F2837xS_GlobalVariableDefs.obj (Cmpss1RegsFile)

Cmpss2RegsFile 
*          1    00005ca0    00000020     UNINITIALIZED
                  00005ca0    00000020     F2837xS_GlobalVariableDefs.obj (Cmpss2RegsFile)

Cmpss3RegsFile 
*          1    00005cc0    00000020     UNINITIALIZED
                  00005cc0    00000020     F2837xS_GlobalVariableDefs.obj (Cmpss3RegsFile)

Cmpss4RegsFile 
*          1    00005ce0    00000020     UNINITIALIZED
                  00005ce0    00000020     F2837xS_GlobalVariableDefs.obj (Cmpss4RegsFile)

Cmpss5RegsFile 
*          1    00005d00    00000020     UNINITIALIZED
                  00005d00    00000020     F2837xS_GlobalVariableDefs.obj (Cmpss5RegsFile)

Cmpss6RegsFile 
*          1    00005d20    00000020     UNINITIALIZED
                  00005d20    00000020     F2837xS_GlobalVariableDefs.obj (Cmpss6RegsFile)

Cmpss7RegsFile 
*          1    00005d40    00000020     UNINITIALIZED
                  00005d40    00000020     F2837xS_GlobalVariableDefs.obj (Cmpss7RegsFile)

Cmpss8RegsFile 
*          1    00005d60    00000020     UNINITIALIZED
                  00005d60    00000020     F2837xS_GlobalVariableDefs.obj (Cmpss8RegsFile)

Sdfm1RegsFile 
*          1    00005e00    00000080     UNINITIALIZED
                  00005e00    00000080     F2837xS_GlobalVariableDefs.obj (Sdfm1RegsFile)

Sdfm2RegsFile 
*          1    00005e80    00000080     UNINITIALIZED
                  00005e80    00000080     F2837xS_GlobalVariableDefs.obj (Sdfm2RegsFile)

McbspaRegsFile 
*          1    00006000    00000024     UNINITIALIZED
                  00006000    00000024     F2837xS_GlobalVariableDefs.obj (McbspaRegsFile)

McbspbRegsFile 
*          1    00006040    00000024     UNINITIALIZED
                  00006040    00000024     F2837xS_GlobalVariableDefs.obj (McbspbRegsFile)

SpiaRegsFile 
*          1    00006100    00000010     UNINITIALIZED
                  00006100    00000010     F2837xS_GlobalVariableDefs.obj (SpiaRegsFile)

SpibRegsFile 
*          1    00006110    00000010     UNINITIALIZED
                  00006110    00000010     F2837xS_GlobalVariableDefs.obj (SpibRegsFile)

SpicRegsFile 
*          1    00006120    00000010     UNINITIALIZED
                  00006120    00000010     F2837xS_GlobalVariableDefs.obj (SpicRegsFile)

UppRegsFile 
*          1    00006200    00000048     UNINITIALIZED
                  00006200    00000048     F2837xS_GlobalVariableDefs.obj (UppRegsFile)

WdRegsFile 
*          1    00007000    0000002b     UNINITIALIZED
                  00007000    0000002b     F2837xS_GlobalVariableDefs.obj (WdRegsFile)

NmiIntruptRegsFile 
*          1    00007060    00000007     UNINITIALIZED
                  00007060    00000007     F2837xS_GlobalVariableDefs.obj (NmiIntruptRegsFile)

XintRegsFile 
*          1    00007070    0000000b     UNINITIALIZED
                  00007070    0000000b     F2837xS_GlobalVariableDefs.obj (XintRegsFile)

SciaRegsFile 
*          1    00007200    00000010     UNINITIALIZED
                  00007200    00000010     F2837xS_GlobalVariableDefs.obj (SciaRegsFile)

ScibRegsFile 
*          1    00007210    00000010     UNINITIALIZED
                  00007210    00000010     F2837xS_GlobalVariableDefs.obj (ScibRegsFile)

ScicRegsFile 
*          1    00007220    00000010     UNINITIALIZED
                  00007220    00000010     F2837xS_GlobalVariableDefs.obj (ScicRegsFile)

ScidRegsFile 
*          1    00007230    00000010     UNINITIALIZED
                  00007230    00000010     F2837xS_GlobalVariableDefs.obj (ScidRegsFile)

I2caRegsFile 
*          1    00007300    00000022     UNINITIALIZED
                  00007300    00000022     F2837xS_GlobalVariableDefs.obj (I2caRegsFile)

I2cbRegsFile 
*          1    00007340    00000022     UNINITIALIZED
                  00007340    00000022     F2837xS_GlobalVariableDefs.obj (I2cbRegsFile)

AdcaRegsFile 
*          1    00007400    00000080     UNINITIALIZED
                  00007400    00000080     F2837xS_GlobalVariableDefs.obj (AdcaRegsFile)

AdcbRegsFile 
*          1    00007480    00000080     UNINITIALIZED
                  00007480    00000080     F2837xS_GlobalVariableDefs.obj (AdcbRegsFile)

AdccRegsFile 
*          1    00007500    00000080     UNINITIALIZED
                  00007500    00000080     F2837xS_GlobalVariableDefs.obj (AdccRegsFile)

AdcdRegsFile 
*          1    00007580    00000080     UNINITIALIZED
                  00007580    00000080     F2837xS_GlobalVariableDefs.obj (AdcdRegsFile)

InputXbarRegsFile 
*          1    00007900    00000020     UNINITIALIZED
                  00007900    00000020     F2837xS_GlobalVariableDefs.obj (InputXbarRegsFile)

XbarRegsFile 
*          1    00007920    00000020     UNINITIALIZED
                  00007920    00000020     F2837xS_GlobalVariableDefs.obj (XbarRegsFile)

TrigRegsFile 
*          1    00007940    00000006     UNINITIALIZED
                  00007940    00000006     F2837xS_GlobalVariableDefs.obj (TrigRegsFile)

DmaClaSrcSelRegsFile 
*          1    00007980    0000001a     UNINITIALIZED
                  00007980    0000001a     F2837xS_GlobalVariableDefs.obj (DmaClaSrcSelRegsFile)

EPwmXbarRegsFile 
*          1    00007a00    00000040     UNINITIALIZED
                  00007a00    00000040     F2837xS_GlobalVariableDefs.obj (EPwmXbarRegsFile)

OutputXbarRegsFile 
*          1    00007a80    00000040     UNINITIALIZED
                  00007a80    00000040     F2837xS_GlobalVariableDefs.obj (OutputXbarRegsFile)

GpioCtrlRegsFile 
*          1    00007c00    00000180     UNINITIALIZED
                  00007c00    00000180     F2837xS_GlobalVariableDefs.obj (GpioCtrlRegsFile)

GpioDataRegsFile 
*          1    00007f00    00000030     UNINITIALIZED
                  00007f00    00000030     F2837xS_GlobalVariableDefs.obj (GpioDataRegsFile)

.econst    1    0000a800    000001c0     
                  0000a800    000001c0     F2837xS_PieVect.obj (.econst:_PieVectTableInit)

.ebss      1    0000a9c0    0000010f     UNINITIALIZED
                  0000a9c0    000000da     cpu_timers_cpu01.obj (.ebss)
                  0000aa9a    00000018     F2837xS_CpuTimers.obj (.ebss)
                  0000aab2    00000004     rts2800_fpu32.lib : exit.obj (.ebss)
                  0000aab6    00000002                       : _lock.obj (.ebss:__lock)
                  0000aab8    00000002                       : _lock.obj (.ebss:__unlock)
                  0000aaba    00000001                       : errno.obj (.ebss)
                  0000aabb    00000005     --HOLE--
                  0000aac0    0000000f     SFO_v8_fpu_lib_build_c28.lib : SFO_v7_fpu_lib_build_c28.obj (.ebss)

AnalogSubsysRegsFile 
*          1    0005d180    00000048     UNINITIALIZED
                  0005d180    00000048     F2837xS_GlobalVariableDefs.obj (AnalogSubsysRegsFile)

Cla1SoftIntRegsFile 
*          1    00000ce0    00000004     DSECT
                  00000ce0    00000004     F2837xS_GlobalVariableDefs.obj (Cla1SoftIntRegsFile)

Emif1RegsFile 
*          1    00047000    00000070     UNINITIALIZED
                  00047000    00000070     F2837xS_GlobalVariableDefs.obj (Emif1RegsFile)

Emif2RegsFile 
*          1    00047800    00000070     UNINITIALIZED
                  00047800    00000070     F2837xS_GlobalVariableDefs.obj (Emif2RegsFile)

DevCfgRegsFile 
*          1    0005d000    0000012e     UNINITIALIZED
                  0005d000    0000012e     F2837xS_GlobalVariableDefs.obj (DevCfgRegsFile)

ClkCfgRegsFile 
*          1    0005d200    00000032     UNINITIALIZED
                  0005d200    00000032     F2837xS_GlobalVariableDefs.obj (ClkCfgRegsFile)

CpuSysRegsFile 
*          1    0005d300    00000082     UNINITIALIZED
                  0005d300    00000082     F2837xS_GlobalVariableDefs.obj (CpuSysRegsFile)

RomPrefetchRegsFile 
*          1    0005e608    00000002     UNINITIALIZED
                  0005e608    00000002     F2837xS_GlobalVariableDefs.obj (RomPrefetchRegsFile)

DcsmZ1RegsFile 
*          1    0005f000    00000024     UNINITIALIZED
                  0005f000    00000024     F2837xS_GlobalVariableDefs.obj (DcsmZ1RegsFile)

DcsmZ2RegsFile 
*          1    0005f040    00000024     UNINITIALIZED
                  0005f040    00000024     F2837xS_GlobalVariableDefs.obj (DcsmZ2RegsFile)

DcsmCommonRegsFile 
*          1    0005f070    00000008     UNINITIALIZED
                  0005f070    00000008     F2837xS_GlobalVariableDefs.obj (DcsmCommonRegsFile)

MemCfgRegsFile 
*          1    0005f400    00000080     UNINITIALIZED
                  0005f400    00000080     F2837xS_GlobalVariableDefs.obj (MemCfgRegsFile)

Emif1ConfigRegsFile 
*          1    0005f480    00000020     UNINITIALIZED
                  0005f480    00000020     F2837xS_GlobalVariableDefs.obj (Emif1ConfigRegsFile)

Emif2ConfigRegsFile 
*          1    0005f4a0    00000020     UNINITIALIZED
                  0005f4a0    00000020     F2837xS_GlobalVariableDefs.obj (Emif2ConfigRegsFile)

AccessProtectionRegsFile 
*          1    0005f4c0    00000040     UNINITIALIZED
                  0005f4c0    00000040     F2837xS_GlobalVariableDefs.obj (AccessProtectionRegsFile)

MemoryErrorRegsFile 
*          1    0005f500    00000040     UNINITIALIZED
                  0005f500    00000040     F2837xS_GlobalVariableDefs.obj (MemoryErrorRegsFile)

RomWaitStateRegsFile 
*          1    0005f540    00000002     UNINITIALIZED
                  0005f540    00000002     F2837xS_GlobalVariableDefs.obj (RomWaitStateRegsFile)

Flash0CtrlRegsFile 
*          1    0005f800    00000182     UNINITIALIZED
                  0005f800    00000182     F2837xS_GlobalVariableDefs.obj (Flash0CtrlRegsFile)

Flash0EccRegsFile 
*          1    0005fb00    00000028     UNINITIALIZED
                  0005fb00    00000028     F2837xS_GlobalVariableDefs.obj (Flash0EccRegsFile)

Flash1CtrlRegsFile 
*          1    0005fc00    00000182     UNINITIALIZED
                  0005fc00    00000182     F2837xS_GlobalVariableDefs.obj (Flash1CtrlRegsFile)

Flash1EccRegsFile 
*          1    0005ff00    00000028     UNINITIALIZED
                  0005ff00    00000028     F2837xS_GlobalVariableDefs.obj (Flash1EccRegsFile)

DcsmZ1OtpFile 
*          1    00078000    00000020     NOLOAD SECTION
                  00078000    00000020     F2837xS_GlobalVariableDefs.obj (DcsmZ1OtpFile)

DcsmZ2OtpFile 
*          1    00078200    00000020     NOLOAD SECTION
                  00078200    00000020     F2837xS_GlobalVariableDefs.obj (DcsmZ2OtpFile)

MODULE SUMMARY

       Module                                   code   initialized data   uninitialized data
       ------                                   ----   ----------------   ------------------
    .\
       F2837xS_GlobalVariableDefs.obj           0      0                  8435              
       F2837xS_DefaultISR.obj                   1413   0                  0                 
       cpu_timers_cpu01.obj                     1075   42                 218               
       ADC_CONFIG.obj                           1112   0                  0                 
       F2837xS_SysCtrl.obj                      729    0                  0                 
       F2837xS_Gpio.obj                         568    0                  0                 
       F2837xS_PieVect.obj                      17     448                0                 
       F2837xS_EPwm.obj                         319    0                  0                 
       PWM_CONFIG.obj                           241    0                  0                 
       F2837xS_PieCtrl.obj                      40     0                  0                 
       F2837xS_CpuTimers.obj                    0      0                  24                
       F2837xS_CodeStartBranch.obj              10     0                  0                 
       F2837xS_usDelay.obj                      4      0                  0                 
    +--+----------------------------------------+------+------------------+--------------------+
       Total:                                   5528   490                8677              
                                                                                            
    C:\Users\Owner\AppData\Local\Temp\
       {D1066ABE-F208-47E5-AD6D-FB3FDC7A0973}   0      14                 0                 
    +--+----------------------------------------+------+------------------+--------------------+
       Total:                                   0      14                 0                 
                                                                                            
    C:/Users/Owner/workspace_v7/COMMON_CCS_FILES/Common_Library_Files/SFO_v8_fpu_lib_build_c28.lib
       SFO_v7_fpu_lib_build_c28.obj             346    4                  15                
    +--+----------------------------------------+------+------------------+--------------------+
       Total:                                   346    4                  15                
                                                                                            
    C:\Users\Owner\workspace_v7\COMMON_CCS_FILES\Common_Library_Files\rts2800_fpu32.lib
       fs_div.obj                               136    0                  0                 
       exp.obj                                  104    0                  0                 
       boot.obj                                 70     0                  0                 
       ldexp.obj                                49     0                  0                 
       exit.obj                                 25     10                 4                 
       args_main.obj                            25     0                  0                 
       _lock.obj                                1      0                  4                 
       errno.obj                                0      0                  1                 
    +--+----------------------------------------+------+------------------+--------------------+
       Total:                                   410    10                 9                 
                                                                                            
       Stack:                                   0      0                  512               
    +--+----------------------------------------+------+------------------+--------------------+
       Grand Total:                             6284   518                9213              


GLOBAL DATA SYMBOLS: SORTED BY DATA PAGE

address     data page           name
--------    ----------------    ----
00000400      10 (00000400)     __stack

00000b00      2c (00000b00)     _AdcaResultRegs
00000b20      2c (00000b00)     _AdcbResultRegs

00000b40      2d (00000b40)     _AdccResultRegs
00000b60      2d (00000b40)     _AdcdResultRegs

00000c00      30 (00000c00)     _CpuTimer0Regs
00000c08      30 (00000c00)     _CpuTimer1Regs
00000c10      30 (00000c00)     _CpuTimer2Regs

00000ce0      33 (00000cc0)     _Cla1SoftIntRegs
00000ce0      33 (00000cc0)     _PieCtrlRegs

00000d00      34 (00000d00)     _EmuKey
00000d00      34 (00000d00)     _PieVectTable
00000d01      34 (00000d00)     _EmuBMode

00001000      40 (00001000)     _DmaRegs

00001400      50 (00001400)     _Cla1Regs

00004000     100 (00004000)     _EPwm1Regs

00004100     104 (00004100)     _EPwm2Regs

00004200     108 (00004200)     _EPwm3Regs

00004300     10c (00004300)     _EPwm4Regs

00004400     110 (00004400)     _EPwm5Regs

00004500     114 (00004500)     _EPwm6Regs

00004600     118 (00004600)     _EPwm7Regs

00004700     11c (00004700)     _EPwm8Regs

00004800     120 (00004800)     _EPwm9Regs

00004900     124 (00004900)     _EPwm10Regs

00004a00     128 (00004a00)     _EPwm11Regs

00004b00     12c (00004b00)     _EPwm12Regs

00005000     140 (00005000)     _ECap1Regs
00005020     140 (00005000)     _ECap2Regs

00005040     141 (00005040)     _ECap3Regs
00005060     141 (00005040)     _ECap4Regs

00005080     142 (00005080)     _ECap5Regs
000050a0     142 (00005080)     _ECap6Regs

00005100     144 (00005100)     _EQep1Regs

00005140     145 (00005140)     _EQep2Regs

00005180     146 (00005180)     _EQep3Regs

00005c00     170 (00005c00)     _DacaRegs
00005c10     170 (00005c00)     _DacbRegs
00005c20     170 (00005c00)     _DaccRegs

00005c80     172 (00005c80)     _Cmpss1Regs
00005ca0     172 (00005c80)     _Cmpss2Regs

00005cc0     173 (00005cc0)     _Cmpss3Regs
00005ce0     173 (00005cc0)     _Cmpss4Regs

00005d00     174 (00005d00)     _Cmpss5Regs
00005d20     174 (00005d00)     _Cmpss6Regs

00005d40     175 (00005d40)     _Cmpss7Regs
00005d60     175 (00005d40)     _Cmpss8Regs

00005e00     178 (00005e00)     _Sdfm1Regs

00005e80     17a (00005e80)     _Sdfm2Regs

00006000     180 (00006000)     _McbspaRegs

00006040     181 (00006040)     _McbspbRegs

00006100     184 (00006100)     _SpiaRegs
00006110     184 (00006100)     _SpibRegs
00006120     184 (00006100)     _SpicRegs

00006200     188 (00006200)     _UppRegs

00007000     1c0 (00007000)     _WdRegs

00007060     1c1 (00007040)     _NmiIntruptRegs
00007070     1c1 (00007040)     _XintRegs

00007200     1c8 (00007200)     _SciaRegs
00007210     1c8 (00007200)     _ScibRegs
00007220     1c8 (00007200)     _ScicRegs
00007230     1c8 (00007200)     _ScidRegs

00007300     1cc (00007300)     _I2caRegs

00007340     1cd (00007340)     _I2cbRegs

00007400     1d0 (00007400)     _AdcaRegs

00007480     1d2 (00007480)     _AdcbRegs

00007500     1d4 (00007500)     _AdccRegs

00007580     1d6 (00007580)     _AdcdRegs

00007900     1e4 (00007900)     _InputXbarRegs
00007920     1e4 (00007900)     _XbarRegs

00007940     1e5 (00007940)     _TrigRegs

00007980     1e6 (00007980)     _DmaClaSrcSelRegs

00007a00     1e8 (00007a00)     _EPwmXbarRegs

00007a80     1ea (00007a80)     _OutputXbarRegs

00007c00     1f0 (00007c00)     _GpioCtrlRegs

00007f00     1fc (00007f00)     _GpioDataRegs

0000a800     2a0 (0000a800)     _PieVectTableInit

0000a9c0     2a7 (0000a9c0)     _phaseshift
0000a9c1     2a7 (0000a9c0)     _CMPAHR_VAL
0000a9c2     2a7 (0000a9c0)     _VOUT_LIMLO
0000a9c3     2a7 (0000a9c0)     _PWM_FINE_CTS
0000a9c4     2a7 (0000a9c0)     _quadrant_k
0000a9c5     2a7 (0000a9c0)     _quadrant
0000a9c6     2a7 (0000a9c0)     _PERIOD_CTS
0000a9c7     2a7 (0000a9c0)     _VOUT_LIMHI
0000a9c8     2a7 (0000a9c0)     _VIN_LIMHI
0000a9c9     2a7 (0000a9c0)     _IL_LIMLO
0000a9ca     2a7 (0000a9c0)     _IL_LIMHI
0000a9cb     2a7 (0000a9c0)     _MEP_ScaleFactor
0000a9cc     2a7 (0000a9c0)     _SFO_status
0000a9cd     2a7 (0000a9c0)     _VIN_LIMLO
0000a9ce     2a7 (0000a9c0)     _TRIP_FLG
0000a9d0     2a7 (0000a9c0)     _OUTPUT_STATE
0000a9d2     2a7 (0000a9c0)     _Ipp
0000a9d4     2a7 (0000a9c0)     _Vset_FG
0000a9d6     2a7 (0000a9c0)     _TLmeas
0000a9d8     2a7 (0000a9c0)     _Tfetmeas
0000a9da     2a7 (0000a9c0)     _cp2
0000a9dc     2a7 (0000a9c0)     _dummy
0000a9de     2a7 (0000a9c0)     _cp1
0000a9e0     2a7 (0000a9c0)     _FAN_DUTY
0000a9e2     2a7 (0000a9c0)     _FLAG_INT
0000a9e4     2a7 (0000a9c0)     _I_LB
0000a9e6     2a7 (0000a9c0)     _I_UB
0000a9e8     2a7 (0000a9c0)     _C1
0000a9ea     2a7 (0000a9c0)     _C2
0000a9ec     2a7 (0000a9c0)     _B2
0000a9ee     2a7 (0000a9c0)     _alpha_PERIOD
0000a9f0     2a7 (0000a9c0)     _ONE_DIV_L1
0000a9f2     2a7 (0000a9c0)     _T_k_raw
0000a9f4     2a7 (0000a9c0)     _d_k
0000a9f6     2a7 (0000a9c0)     _PWM_CTS
0000a9f8     2a7 (0000a9c0)     _PWM_FRAC
0000a9fa     2a7 (0000a9c0)     _D_TURNON
0000a9fc     2a7 (0000a9c0)     _PWM_COURSE_CTS
0000a9fe     2a7 (0000a9c0)     _OUTPUT_ON

0000aa00     2a8 (0000aa00)     _B1
0000aa02     2a8 (0000aa00)     _T_k
0000aa04     2a8 (0000aa00)     _A1
0000aa06     2a8 (0000aa00)     _A2
0000aa08     2a8 (0000aa00)     _Vctrl
0000aa0a     2a8 (0000aa00)     _Vset
0000aa0c     2a8 (0000aa00)     _Vadc1
0000aa0e     2a8 (0000aa00)     _Icalc
0000aa10     2a8 (0000aa00)     _Dset
0000aa12     2a8 (0000aa00)     _Dprog
0000aa14     2a8 (0000aa00)     _ILmeas
0000aa16     2a8 (0000aa00)     _Vadc6
0000aa18     2a8 (0000aa00)     _Vinmeas
0000aa1a     2a8 (0000aa00)     _Voutmeas
0000aa1c     2a8 (0000aa00)     _Vadc3
0000aa1e     2a8 (0000aa00)     _Vadc2
0000aa20     2a8 (0000aa00)     _Vadc5
0000aa22     2a8 (0000aa00)     _Vadc4
0000aa24     2a8 (0000aa00)     _clk_elapse
0000aa26     2a8 (0000aa00)     _Duty_T
0000aa2a     2a8 (0000aa00)     _ADC

0000aa40     2a9 (0000aa40)     _PERIOD_FILT
0000aa4e     2a9 (0000aa40)     _CV_COMP
0000aa5c     2a9 (0000aa40)     _coeff1
0000aa6c     2a9 (0000aa40)     _var1

0000aa80     2aa (0000aa80)     _ePWM
0000aa9a     2aa (0000aa80)     _CpuTimer2
0000aaa2     2aa (0000aa80)     _CpuTimer1
0000aaaa     2aa (0000aa80)     _CpuTimer0
0000aab2     2aa (0000aa80)     ___TI_cleanup_ptr
0000aab4     2aa (0000aa80)     ___TI_dtors_ptr
0000aab6     2aa (0000aa80)     __lock
0000aab8     2aa (0000aa80)     __unlock
0000aaba     2aa (0000aa80)     _errno

0000aac5     2ab (0000aac0)     _SFO_CAL
0000aac6     2ab (0000aac0)     _MEP_SF

00047000    11c0 (00047000)     _Emif1Regs

00047800    11e0 (00047800)     _Emif2Regs

0005d000    1740 (0005d000)     _DevCfgRegs

0005d180    1746 (0005d180)     _AnalogSubsysRegs

0005d200    1748 (0005d200)     _ClkCfgRegs

0005d300    174c (0005d300)     _CpuSysRegs

0005e608    1798 (0005e600)     _RomPrefetchRegs

0005f000    17c0 (0005f000)     _DcsmZ1Regs

0005f040    17c1 (0005f040)     _DcsmZ2Regs
0005f070    17c1 (0005f040)     _DcsmCommonRegs

0005f400    17d0 (0005f400)     _MemCfgRegs

0005f480    17d2 (0005f480)     _Emif1ConfigRegs
0005f4a0    17d2 (0005f480)     _Emif2ConfigRegs

0005f4c0    17d3 (0005f4c0)     _AccessProtectionRegs

0005f500    17d4 (0005f500)     _MemoryErrorRegs

0005f540    17d5 (0005f540)     _RomWaitStateRegs

0005f800    17e0 (0005f800)     _Flash0CtrlRegs

0005fb00    17ec (0005fb00)     _Flash0EccRegs

0005fc00    17f0 (0005fc00)     _Flash1CtrlRegs

0005ff00    17fc (0005ff00)     _Flash1EccRegs

00078000    1e00 (00078000)     _DcsmZ1Otp

00078200    1e08 (00078200)     _DcsmZ2Otp


GLOBAL SYMBOLS: SORTED ALPHABETICALLY BY Name 

page  address   name                                  
----  -------   ----                                  
abs   ffffffff  .text                                 
0     00009068  C$$EXIT                               
0     00008735  FS$$DIV                               
1     0000aa04  _A1                                   
1     0000aa06  _A2                                   
1     0000aa2a  _ADC                                  
0     0000b57b  _ADCA1_ISR                            
0     0000b571  _ADCA2_ISR                            
0     0000b567  _ADCA3_ISR                            
0     0000b55d  _ADCA4_ISR                            
0     0000b553  _ADCA_EVT_ISR                         
0     0000b549  _ADCB1_ISR                            
0     0000b53f  _ADCB2_ISR                            
0     0000b535  _ADCB3_ISR                            
0     0000b52b  _ADCB4_ISR                            
0     0000b521  _ADCB_EVT_ISR                         
0     0000b517  _ADCC1_ISR                            
0     0000b50d  _ADCC2_ISR                            
0     0000b503  _ADCC3_ISR                            
0     0000b4f9  _ADCC4_ISR                            
0     0000b4ef  _ADCC_EVT_ISR                         
0     0000b4e5  _ADCD1_ISR                            
0     0000b4db  _ADCD2_ISR                            
0     0000b4d1  _ADCD3_ISR                            
0     0000b4c7  _ADCD4_ISR                            
0     0000b4bd  _ADCD_EVT_ISR                         
0     000081de  _ADC_SOC_CNF                          
0     0000b4b3  _AUX_PLL_SLIP_ISR                     
1     0005f4c0  _AccessProtectionRegs                 
0     00008117  _AdcSetMode                           
1     00007400  _AdcaRegs                             
1     00000b00  _AdcaResultRegs                       
1     00007480  _AdcbRegs                             
1     00000b20  _AdcbResultRegs                       
1     00007500  _AdccRegs                             
1     00000b40  _AdccResultRegs                       
1     00007580  _AdcdRegs                             
1     00000b60  _AdcdResultRegs                       
1     0005d180  _AnalogSubsysRegs                     
0     000089ab  _AuxAuxClkSel                         
0     000089c6  _AuxIntOsc2Sel                        
0     000089b5  _AuxXtalOscSel                        
1     0000aa00  _B1                                   
1     0000a9ec  _B2                                   
1     0000a9e8  _C1                                   
1     0000a9ea  _C2                                   
0     0000b4a9  _CANA_1_ISR                           
0     0000b49f  _CANA_2_ISR                           
0     0000b495  _CANB_1_ISR                           
0     0000b48b  _CANB_2_ISR                           
0     0000b481  _CLA1_1_ISR                           
0     0000b477  _CLA1_2_ISR                           
0     0000b46d  _CLA1_3_ISR                           
0     0000b463  _CLA1_4_ISR                           
0     0000b459  _CLA1_5_ISR                           
0     0000b44f  _CLA1_6_ISR                           
0     0000b445  _CLA1_7_ISR                           
0     0000b43b  _CLA1_8_ISR                           
0     0000b431  _CLA_OVERFLOW_ISR                     
0     0000b427  _CLA_UNDERFLOW_ISR                    
1     0000a9c1  _CMPAHR_VAL                           
0     00008c33  _CONTROL_LAW_ISR                      
1     0000aa4e  _CV_COMP                              
0     000080e2  _CalAdcINL                            
1     00001400  _Cla1Regs                             
0     00000ce0  _Cla1SoftIntRegs                      
1     0005d200  _ClkCfgRegs                           
1     00005c80  _Cmpss1Regs                           
1     00005ca0  _Cmpss2Regs                           
1     00005cc0  _Cmpss3Regs                           
1     00005ce0  _Cmpss4Regs                           
1     00005d00  _Cmpss5Regs                           
1     00005d20  _Cmpss6Regs                           
1     00005d40  _Cmpss7Regs                           
1     00005d60  _Cmpss8Regs                           
1     0005d300  _CpuSysRegs                           
1     0000aaaa  _CpuTimer0                            
1     00000c00  _CpuTimer0Regs                        
1     0000aaa2  _CpuTimer1                            
1     00000c08  _CpuTimer1Regs                        
1     0000aa9a  _CpuTimer2                            
1     00000c10  _CpuTimer2Regs                        
0     00008ab8  _CsmUnlock                            
0     0000b41d  _DATALOG_ISR                          
0     0000b413  _DMA_CH1_ISR                          
0     0000b409  _DMA_CH2_ISR                          
0     0000b3ff  _DMA_CH3_ISR                          
0     0000b3f5  _DMA_CH4_ISR                          
0     0000b3eb  _DMA_CH5_ISR                          
0     0000b3e1  _DMA_CH6_ISR                          
1     0000a9fa  _D_TURNON                             
1     00005c00  _DacaRegs                             
1     00005c10  _DacbRegs                             
1     00005c20  _DaccRegs                             
1     0005f070  _DcsmCommonRegs                       
1     00078000  _DcsmZ1Otp                            
1     0005f000  _DcsmZ1Regs                           
1     00078200  _DcsmZ2Otp                            
1     0005f040  _DcsmZ2Regs                           
1     0005d000  _DevCfgRegs                           
0     000088bd  _DisableDog                           
0     00008a76  _DisablePeripheralClocks              
1     00007980  _DmaClaSrcSelRegs                     
1     00001000  _DmaRegs                              
1     0000aa12  _Dprog                                
1     0000aa10  _Dset                                 
1     0000aa26  _Duty_T                               
0     0000b3d7  _ECAP1_ISR                            
0     0000b3cd  _ECAP2_ISR                            
0     0000b3c3  _ECAP3_ISR                            
0     0000b3b9  _ECAP4_ISR                            
0     0000b3af  _ECAP5_ISR                            
0     0000b3a5  _ECAP6_ISR                            
1     00005000  _ECap1Regs                            
1     00005020  _ECap2Regs                            
1     00005040  _ECap3Regs                            
1     00005060  _ECap4Regs                            
1     00005080  _ECap5Regs                            
1     000050a0  _ECap6Regs                            
0     0000b39b  _EMIF_ERROR_ISR                       
0     0000b38e  _EMPTY_ISR                            
0     0000b384  _EMU_ISR                              
0     0000b37a  _EPWM10_ISR                           
0     0000b370  _EPWM10_TZ_ISR                        
0     0000b366  _EPWM11_ISR                           
0     0000b35c  _EPWM11_TZ_ISR                        
0     0000b352  _EPWM12_ISR                           
0     0000b348  _EPWM12_TZ_ISR                        
0     0000b33e  _EPWM1_ISR                            
0     0000b334  _EPWM1_TZ_ISR                         
0     0000b32a  _EPWM2_ISR                            
0     0000b320  _EPWM2_TZ_ISR                         
0     0000b316  _EPWM3_ISR                            
0     0000b30c  _EPWM3_TZ_ISR                         
0     0000b302  _EPWM4_ISR                            
0     0000b2f8  _EPWM4_TZ_ISR                         
0     0000b2ee  _EPWM5_ISR                            
0     0000b2e4  _EPWM5_TZ_ISR                         
0     0000b2da  _EPWM6_ISR                            
0     0000b2d0  _EPWM6_TZ_ISR                         
0     0000b2c6  _EPWM7_ISR                            
0     0000b2bc  _EPWM7_TZ_ISR                         
0     0000b2b2  _EPWM8_ISR                            
0     0000b2a8  _EPWM8_TZ_ISR                         
0     0000b29e  _EPWM9_ISR                            
0     0000b294  _EPWM9_TZ_ISR                         
1     00004900  _EPwm10Regs                           
1     00004a00  _EPwm11Regs                           
1     00004b00  _EPwm12Regs                           
1     00004000  _EPwm1Regs                            
1     00004100  _EPwm2Regs                            
1     00004200  _EPwm3Regs                            
1     00004300  _EPwm4Regs                            
1     00004400  _EPwm5Regs                            
1     00004500  _EPwm6Regs                            
1     00004600  _EPwm7Regs                            
1     00004700  _EPwm8Regs                            
1     00004800  _EPwm9Regs                            
1     00007a00  _EPwmXbarRegs                         
0     0000b28a  _EQEP1_ISR                            
0     0000b280  _EQEP2_ISR                            
0     0000b276  _EQEP3_ISR                            
1     00005100  _EQep1Regs                            
1     00005140  _EQep2Regs                            
1     00005180  _EQep3Regs                            
1     0005f480  _Emif1ConfigRegs                      
1     00047000  _Emif1Regs                            
1     0005f4a0  _Emif2ConfigRegs                      
1     00047800  _Emif2Regs                            
1     00000d01  _EmuBMode                             
1     00000d00  _EmuKey                               
0     000087dc  _EnableInterrupts                     
0     0000016a  _F28x_usDelay                         
1     0000a9e0  _FAN_DUTY                             
1     0000a9e2  _FLAG_INT                             
0     0000b26c  _FLASH_CORRECTABLE_ERROR_ISR          
0     0000b262  _FPU_OVERFLOW_ISR                     
0     0000b258  _FPU_UNDERFLOW_ISR                    
1     0005f800  _Flash0CtrlRegs                       
1     0005fb00  _Flash0EccRegs                        
1     0005fc00  _Flash1CtrlRegs                       
1     0005ff00  _Flash1EccRegs                        
0     0000b7ad  _GPIO_EnableUnbondedIOPullups         
0     0000b788  _GPIO_EnableUnbondedIOPullupsFor100Pin
0     0000b76f  _GPIO_EnableUnbondedIOPullupsFor176Pin
0     0000b75b  _GPIO_ReadPin                         
0     0000b739  _GPIO_SetupLock                       
0     0000b6e4  _GPIO_SetupPinMux                     
0     0000b65f  _GPIO_SetupPinOptions                 
0     0000b658  _GPIO_SetupXINT1Gpio                  
0     0000b651  _GPIO_SetupXINT2Gpio                  
0     0000b64a  _GPIO_SetupXINT3Gpio                  
0     0000b643  _GPIO_SetupXINT4Gpio                  
0     0000b63c  _GPIO_SetupXINT5Gpio                  
0     0000b622  _GPIO_WritePin                        
1     00007c00  _GpioCtrlRegs                         
1     00007f00  _GpioDataRegs                         
0     00008aa7  _HALT                                 
0     00008a93  _HIB                                  
0     0000b24e  _I2CA_FIFO_ISR                        
0     0000b244  _I2CA_ISR                             
0     0000b23a  _I2CB_FIFO_ISR                        
0     0000b230  _I2CB_ISR                             
1     00007300  _I2caRegs                             
1     00007340  _I2cbRegs                             
0     00008a6d  _IDLE                                 
0     0000b226  _ILLEGAL_ISR                          
1     0000a9ca  _IL_LIMHI                             
1     0000a9c9  _IL_LIMLO                             
1     0000aa14  _ILmeas                               
0     0000b21c  _IPC0_ISR                             
0     0000b212  _IPC1_ISR                             
0     0000b208  _IPC2_ISR                             
0     0000b1fe  _IPC3_ISR                             
1     0000a9e4  _I_LB                                 
1     0000a9e6  _I_UB                                 
1     0000aa0e  _Icalc                                
0     000089d3  _InitAuxPll                           
0     00008e5b  _InitEPwm10Gpio                       
0     00008e76  _InitEPwm11Gpio                       
0     00008e92  _InitEPwm12Gpio                       
0     00008d89  _InitEPwm1Gpio                        
0     00008d9f  _InitEPwm2Gpio                        
0     00008db5  _InitEPwm3Gpio                        
0     00008dcd  _InitEPwm4Gpio                        
0     00008de5  _InitEPwm5Gpio                        
0     00008dfb  _InitEPwm6Gpio                        
0     00008e11  _InitEPwm7Gpio                        
0     00008e29  _InitEPwm8Gpio                        
0     00008e41  _InitEPwm9Gpio                        
0     00008eaf  _InitEPwmGpio                         
0     0000b585  _InitGpio                             
0     000088ca  _InitPeripheralClocks                 
0     000087bd  _InitPieCtrl                          
0     0000b7ee  _InitPieVectTable                     
0     00008973  _InitSysCtrl                          
0     00008839  _InitSysPll                           
0     000081b6  _InitializeADC                        
0     00008f98  _Initialize_EPWM_SOC                  
0     00008edd  _Initialize_PWM                       
1     00007900  _InputXbarRegs                        
1     0000a9d2  _Ipp                                  
0     0000b1f4  _MCBSPA_RX_ISR                        
0     0000b1ea  _MCBSPA_TX_ISR                        
0     0000b1e0  _MCBSPB_RX_ISR                        
0     0000b1d6  _MCBSPB_TX_ISR                        
1     0000aac6  _MEP_SF                               
1     0000a9cb  _MEP_ScaleFactor                      
1     00006000  _McbspaRegs                           
1     00006040  _McbspbRegs                           
1     0005f400  _MemCfgRegs                           
1     0005f500  _MemoryErrorRegs                      
0     0000b1cc  _NMI_ISR                              
0     0000b1c2  _NOTUSED_ISR                          
1     00007060  _NmiIntruptRegs                       
1     0000a9f0  _ONE_DIV_L1                           
1     0000a9fe  _OUTPUT_ON                            
1     0000a9d0  _OUTPUT_STATE                         
1     00007a80  _OutputXbarRegs                       
1     0000a9c6  _PERIOD_CTS                           
1     0000aa40  _PERIOD_FILT                          
0     0000b1b8  _PIE_RESERVED_ISR                     
1     0000a9fc  _PWM_COURSE_CTS                       
1     0000a9f6  _PWM_CTS                              
1     0000a9c3  _PWM_FINE_CTS                         
1     0000a9f8  _PWM_FRAC                             
1     00000ce0  _PieCtrlRegs                          
1     00000d00  _PieVectTable                         
1     0000a800  _PieVectTableInit                     
0     0000b1ae  _RAM_ACCESS_VIOLATION_ISR             
0     0000b1a4  _RAM_CORRECTABLE_ERROR_ISR            
0     0000b19a  _RTOS_ISR                             
1     0005e608  _RomPrefetchRegs                      
1     0005f540  _RomWaitStateRegs                     
0     0000b190  _SCIA_RX_ISR                          
0     0000b186  _SCIA_TX_ISR                          
0     0000b17c  _SCIB_RX_ISR                          
0     0000b172  _SCIB_TX_ISR                          
0     0000b168  _SCIC_RX_ISR                          
0     0000b15e  _SCIC_TX_ISR                          
0     0000b154  _SCID_RX_ISR                          
0     0000b14a  _SCID_TX_ISR                          
0     0000b140  _SD1_ISR                              
0     0000b136  _SD2_ISR                              
0     00008ad9  _SFO                                  
1     0000aac5  _SFO_CAL                              
1     0000a9cc  _SFO_status                           
0     0000b12c  _SPIA_RX_ISR                          
0     0000b122  _SPIA_TX_ISR                          
0     0000b118  _SPIB_RX_ISR                          
0     0000b10e  _SPIB_TX_ISR                          
0     0000b104  _SPIC_RX_ISR                          
0     0000b0fa  _SPIC_TX_ISR                          
0     0000882e  _STANDBY                              
0     0000b0f0  _SYS_PLL_SLIP_ISR                     
1     00007200  _SciaRegs                             
1     00007210  _ScibRegs                             
1     00007220  _ScicRegs                             
1     00007230  _ScidRegs                             
1     00005e00  _Sdfm1Regs                            
1     00005e80  _Sdfm2Regs                            
0     00008820  _ServiceDog                           
0     000080a3  _SetupADCEpwm                         
0     00008000  _SetupADCEpwm_INT1                    
1     00006100  _SpiaRegs                             
1     00006110  _SpibRegs                             
1     00006120  _SpicRegs                             
0     00008ec8  _Start_EPWM                           
0     00008816  _SysIntOsc1Sel                        
0     0000880c  _SysIntOsc2Sel                        
0     00008800  _SysXtalOscSel                        
0     0000b0e6  _TIMER0_ISR                           
0     0000b0dc  _TIMER1_ISR                           
0     0000b0d2  _TIMER2_ISR                           
1     0000a9d6  _TLmeas                               
1     0000a9ce  _TRIP_FLG                             
1     0000aa02  _T_k                                  
1     0000a9f2  _T_k_raw                              
1     0000a9d8  _Tfetmeas                             
1     00007940  _TrigRegs                             
0     0000b0c8  _UPPA_ISR                             
0     0000b0be  _USBA_ISR                             
0     0000b0b4  _USER10_ISR                           
0     0000b0aa  _USER11_ISR                           
0     0000b0a0  _USER12_ISR                           
0     0000b096  _USER1_ISR                            
0     0000b08c  _USER2_ISR                            
0     0000b082  _USER3_ISR                            
0     0000b078  _USER4_ISR                            
0     0000b06e  _USER5_ISR                            
0     0000b064  _USER6_ISR                            
0     0000b05a  _USER7_ISR                            
0     0000b050  _USER8_ISR                            
0     0000b046  _USER9_ISR                            
1     00006200  _UppRegs                              
0     0000b03c  _VCU_ISR                              
1     0000a9c8  _VIN_LIMHI                            
1     0000a9cd  _VIN_LIMLO                            
1     0000a9c7  _VOUT_LIMHI                           
1     0000a9c2  _VOUT_LIMLO                           
1     0000aa0c  _Vadc1                                
1     0000aa1e  _Vadc2                                
1     0000aa1c  _Vadc3                                
1     0000aa22  _Vadc4                                
1     0000aa20  _Vadc5                                
1     0000aa16  _Vadc6                                
1     0000aa08  _Vctrl                                
1     0000aa18  _Vinmeas                              
1     0000aa1a  _Voutmeas                             
1     0000aa0a  _Vset                                 
1     0000a9d4  _Vset_FG                              
0     0000b032  _WAKE_ISR                             
1     00007000  _WdRegs                               
0     0000b028  _XINT1_ISR                            
0     0000b01e  _XINT2_ISR                            
0     0000b014  _XINT3_ISR                            
0     0000b00a  _XINT4_ISR                            
0     0000b000  _XINT5_ISR                            
1     00007920  _XbarRegs                             
1     00007070  _XintRegs                             
1     00000600  __STACK_END                           
abs   00000200  __STACK_SIZE                          
1     0000aab2  ___TI_cleanup_ptr                     
1     0000aab4  ___TI_dtors_ptr                       
abs   ffffffff  ___TI_pprof_out_hndl                  
abs   ffffffff  ___TI_prof_data_size                  
abs   ffffffff  ___TI_prof_data_start                 
abs   ffffffff  ___binit__                            
abs   ffffffff  ___c_args__                           
0     00000122  ___cinit__                            
abs   ffffffff  ___etext__                            
abs   ffffffff  ___pinit__                            
abs   ffffffff  ___text__                             
0     000087e5  __args_main                           
1     0000aab6  __lock                                
0     0000b7ff  __nop                                 
1     00000400  __stack                               
1     0000aab8  __unlock                              
0     00009068  _abort                                
0     0000872e  _abs_val                              
1     0000a9ee  _alpha_PERIOD                         
0     00008fb9  _c_int00                              
1     0000aa24  _clk_elapse                           
1     0000aa5c  _coeff1                               
1     0000a9de  _cp1                                  
1     0000a9da  _cp2                                  
1     0000a9f4  _d_k                                  
1     0000a9dc  _dummy                                
1     0000aa80  _ePWM                                 
1     0000aaba  _errno                                
0     0000906a  _exit                                 
0     00009000  _exp                                  
0     0000b7bd  _ldexp                                
0     00008458  _main                                 
1     0000a9c0  _phaseshift                           
1     0000a9c5  _quadrant                             
1     0000a9c4  _quadrant_k                           
1     0000aa6c  _var1                                 
abs   ffffffff  binit                                 
0     00000122  cinit                                 
0     00000000  code_start                            
abs   ffffffff  etext                                 
abs   ffffffff  pinit                                 


GLOBAL SYMBOLS: SORTED BY Symbol Address 

page  address   name                                  
----  -------   ----                                  
0     00000000  code_start                            
0     00000122  ___cinit__                            
0     00000122  cinit                                 
0     0000016a  _F28x_usDelay                         
0     00000ce0  _Cla1SoftIntRegs                      
0     00008000  _SetupADCEpwm_INT1                    
0     000080a3  _SetupADCEpwm                         
0     000080e2  _CalAdcINL                            
0     00008117  _AdcSetMode                           
0     000081b6  _InitializeADC                        
0     000081de  _ADC_SOC_CNF                          
0     00008458  _main                                 
0     0000872e  _abs_val                              
0     00008735  FS$$DIV                               
0     000087bd  _InitPieCtrl                          
0     000087dc  _EnableInterrupts                     
0     000087e5  __args_main                           
0     00008800  _SysXtalOscSel                        
0     0000880c  _SysIntOsc2Sel                        
0     00008816  _SysIntOsc1Sel                        
0     00008820  _ServiceDog                           
0     0000882e  _STANDBY                              
0     00008839  _InitSysPll                           
0     000088bd  _DisableDog                           
0     000088ca  _InitPeripheralClocks                 
0     00008973  _InitSysCtrl                          
0     000089ab  _AuxAuxClkSel                         
0     000089b5  _AuxXtalOscSel                        
0     000089c6  _AuxIntOsc2Sel                        
0     000089d3  _InitAuxPll                           
0     00008a6d  _IDLE                                 
0     00008a76  _DisablePeripheralClocks              
0     00008a93  _HIB                                  
0     00008aa7  _HALT                                 
0     00008ab8  _CsmUnlock                            
0     00008ad9  _SFO                                  
0     00008c33  _CONTROL_LAW_ISR                      
0     00008d89  _InitEPwm1Gpio                        
0     00008d9f  _InitEPwm2Gpio                        
0     00008db5  _InitEPwm3Gpio                        
0     00008dcd  _InitEPwm4Gpio                        
0     00008de5  _InitEPwm5Gpio                        
0     00008dfb  _InitEPwm6Gpio                        
0     00008e11  _InitEPwm7Gpio                        
0     00008e29  _InitEPwm8Gpio                        
0     00008e41  _InitEPwm9Gpio                        
0     00008e5b  _InitEPwm10Gpio                       
0     00008e76  _InitEPwm11Gpio                       
0     00008e92  _InitEPwm12Gpio                       
0     00008eaf  _InitEPwmGpio                         
0     00008ec8  _Start_EPWM                           
0     00008edd  _Initialize_PWM                       
0     00008f98  _Initialize_EPWM_SOC                  
0     00008fb9  _c_int00                              
0     00009000  _exp                                  
0     00009068  C$$EXIT                               
0     00009068  _abort                                
0     0000906a  _exit                                 
0     0000b000  _XINT5_ISR                            
0     0000b00a  _XINT4_ISR                            
0     0000b014  _XINT3_ISR                            
0     0000b01e  _XINT2_ISR                            
0     0000b028  _XINT1_ISR                            
0     0000b032  _WAKE_ISR                             
0     0000b03c  _VCU_ISR                              
0     0000b046  _USER9_ISR                            
0     0000b050  _USER8_ISR                            
0     0000b05a  _USER7_ISR                            
0     0000b064  _USER6_ISR                            
0     0000b06e  _USER5_ISR                            
0     0000b078  _USER4_ISR                            
0     0000b082  _USER3_ISR                            
0     0000b08c  _USER2_ISR                            
0     0000b096  _USER1_ISR                            
0     0000b0a0  _USER12_ISR                           
0     0000b0aa  _USER11_ISR                           
0     0000b0b4  _USER10_ISR                           
0     0000b0be  _USBA_ISR                             
0     0000b0c8  _UPPA_ISR                             
0     0000b0d2  _TIMER2_ISR                           
0     0000b0dc  _TIMER1_ISR                           
0     0000b0e6  _TIMER0_ISR                           
0     0000b0f0  _SYS_PLL_SLIP_ISR                     
0     0000b0fa  _SPIC_TX_ISR                          
0     0000b104  _SPIC_RX_ISR                          
0     0000b10e  _SPIB_TX_ISR                          
0     0000b118  _SPIB_RX_ISR                          
0     0000b122  _SPIA_TX_ISR                          
0     0000b12c  _SPIA_RX_ISR                          
0     0000b136  _SD2_ISR                              
0     0000b140  _SD1_ISR                              
0     0000b14a  _SCID_TX_ISR                          
0     0000b154  _SCID_RX_ISR                          
0     0000b15e  _SCIC_TX_ISR                          
0     0000b168  _SCIC_RX_ISR                          
0     0000b172  _SCIB_TX_ISR                          
0     0000b17c  _SCIB_RX_ISR                          
0     0000b186  _SCIA_TX_ISR                          
0     0000b190  _SCIA_RX_ISR                          
0     0000b19a  _RTOS_ISR                             
0     0000b1a4  _RAM_CORRECTABLE_ERROR_ISR            
0     0000b1ae  _RAM_ACCESS_VIOLATION_ISR             
0     0000b1b8  _PIE_RESERVED_ISR                     
0     0000b1c2  _NOTUSED_ISR                          
0     0000b1cc  _NMI_ISR                              
0     0000b1d6  _MCBSPB_TX_ISR                        
0     0000b1e0  _MCBSPB_RX_ISR                        
0     0000b1ea  _MCBSPA_TX_ISR                        
0     0000b1f4  _MCBSPA_RX_ISR                        
0     0000b1fe  _IPC3_ISR                             
0     0000b208  _IPC2_ISR                             
0     0000b212  _IPC1_ISR                             
0     0000b21c  _IPC0_ISR                             
0     0000b226  _ILLEGAL_ISR                          
0     0000b230  _I2CB_ISR                             
0     0000b23a  _I2CB_FIFO_ISR                        
0     0000b244  _I2CA_ISR                             
0     0000b24e  _I2CA_FIFO_ISR                        
0     0000b258  _FPU_UNDERFLOW_ISR                    
0     0000b262  _FPU_OVERFLOW_ISR                     
0     0000b26c  _FLASH_CORRECTABLE_ERROR_ISR          
0     0000b276  _EQEP3_ISR                            
0     0000b280  _EQEP2_ISR                            
0     0000b28a  _EQEP1_ISR                            
0     0000b294  _EPWM9_TZ_ISR                         
0     0000b29e  _EPWM9_ISR                            
0     0000b2a8  _EPWM8_TZ_ISR                         
0     0000b2b2  _EPWM8_ISR                            
0     0000b2bc  _EPWM7_TZ_ISR                         
0     0000b2c6  _EPWM7_ISR                            
0     0000b2d0  _EPWM6_TZ_ISR                         
0     0000b2da  _EPWM6_ISR                            
0     0000b2e4  _EPWM5_TZ_ISR                         
0     0000b2ee  _EPWM5_ISR                            
0     0000b2f8  _EPWM4_TZ_ISR                         
0     0000b302  _EPWM4_ISR                            
0     0000b30c  _EPWM3_TZ_ISR                         
0     0000b316  _EPWM3_ISR                            
0     0000b320  _EPWM2_TZ_ISR                         
0     0000b32a  _EPWM2_ISR                            
0     0000b334  _EPWM1_TZ_ISR                         
0     0000b33e  _EPWM1_ISR                            
0     0000b348  _EPWM12_TZ_ISR                        
0     0000b352  _EPWM12_ISR                           
0     0000b35c  _EPWM11_TZ_ISR                        
0     0000b366  _EPWM11_ISR                           
0     0000b370  _EPWM10_TZ_ISR                        
0     0000b37a  _EPWM10_ISR                           
0     0000b384  _EMU_ISR                              
0     0000b38e  _EMPTY_ISR                            
0     0000b39b  _EMIF_ERROR_ISR                       
0     0000b3a5  _ECAP6_ISR                            
0     0000b3af  _ECAP5_ISR                            
0     0000b3b9  _ECAP4_ISR                            
0     0000b3c3  _ECAP3_ISR                            
0     0000b3cd  _ECAP2_ISR                            
0     0000b3d7  _ECAP1_ISR                            
0     0000b3e1  _DMA_CH6_ISR                          
0     0000b3eb  _DMA_CH5_ISR                          
0     0000b3f5  _DMA_CH4_ISR                          
0     0000b3ff  _DMA_CH3_ISR                          
0     0000b409  _DMA_CH2_ISR                          
0     0000b413  _DMA_CH1_ISR                          
0     0000b41d  _DATALOG_ISR                          
0     0000b427  _CLA_UNDERFLOW_ISR                    
0     0000b431  _CLA_OVERFLOW_ISR                     
0     0000b43b  _CLA1_8_ISR                           
0     0000b445  _CLA1_7_ISR                           
0     0000b44f  _CLA1_6_ISR                           
0     0000b459  _CLA1_5_ISR                           
0     0000b463  _CLA1_4_ISR                           
0     0000b46d  _CLA1_3_ISR                           
0     0000b477  _CLA1_2_ISR                           
0     0000b481  _CLA1_1_ISR                           
0     0000b48b  _CANB_2_ISR                           
0     0000b495  _CANB_1_ISR                           
0     0000b49f  _CANA_2_ISR                           
0     0000b4a9  _CANA_1_ISR                           
0     0000b4b3  _AUX_PLL_SLIP_ISR                     
0     0000b4bd  _ADCD_EVT_ISR                         
0     0000b4c7  _ADCD4_ISR                            
0     0000b4d1  _ADCD3_ISR                            
0     0000b4db  _ADCD2_ISR                            
0     0000b4e5  _ADCD1_ISR                            
0     0000b4ef  _ADCC_EVT_ISR                         
0     0000b4f9  _ADCC4_ISR                            
0     0000b503  _ADCC3_ISR                            
0     0000b50d  _ADCC2_ISR                            
0     0000b517  _ADCC1_ISR                            
0     0000b521  _ADCB_EVT_ISR                         
0     0000b52b  _ADCB4_ISR                            
0     0000b535  _ADCB3_ISR                            
0     0000b53f  _ADCB2_ISR                            
0     0000b549  _ADCB1_ISR                            
0     0000b553  _ADCA_EVT_ISR                         
0     0000b55d  _ADCA4_ISR                            
0     0000b567  _ADCA3_ISR                            
0     0000b571  _ADCA2_ISR                            
0     0000b57b  _ADCA1_ISR                            
0     0000b585  _InitGpio                             
0     0000b622  _GPIO_WritePin                        
0     0000b63c  _GPIO_SetupXINT5Gpio                  
0     0000b643  _GPIO_SetupXINT4Gpio                  
0     0000b64a  _GPIO_SetupXINT3Gpio                  
0     0000b651  _GPIO_SetupXINT2Gpio                  
0     0000b658  _GPIO_SetupXINT1Gpio                  
0     0000b65f  _GPIO_SetupPinOptions                 
0     0000b6e4  _GPIO_SetupPinMux                     
0     0000b739  _GPIO_SetupLock                       
0     0000b75b  _GPIO_ReadPin                         
0     0000b76f  _GPIO_EnableUnbondedIOPullupsFor176Pin
0     0000b788  _GPIO_EnableUnbondedIOPullupsFor100Pin
0     0000b7ad  _GPIO_EnableUnbondedIOPullups         
0     0000b7bd  _ldexp                                
0     0000b7ee  _InitPieVectTable                     
0     0000b7ff  __nop                                 
1     00000400  __stack                               
1     00000600  __STACK_END                           
1     00000b00  _AdcaResultRegs                       
1     00000b20  _AdcbResultRegs                       
1     00000b40  _AdccResultRegs                       
1     00000b60  _AdcdResultRegs                       
1     00000c00  _CpuTimer0Regs                        
1     00000c08  _CpuTimer1Regs                        
1     00000c10  _CpuTimer2Regs                        
1     00000ce0  _PieCtrlRegs                          
1     00000d00  _EmuKey                               
1     00000d00  _PieVectTable                         
1     00000d01  _EmuBMode                             
1     00001000  _DmaRegs                              
1     00001400  _Cla1Regs                             
1     00004000  _EPwm1Regs                            
1     00004100  _EPwm2Regs                            
1     00004200  _EPwm3Regs                            
1     00004300  _EPwm4Regs                            
1     00004400  _EPwm5Regs                            
1     00004500  _EPwm6Regs                            
1     00004600  _EPwm7Regs                            
1     00004700  _EPwm8Regs                            
1     00004800  _EPwm9Regs                            
1     00004900  _EPwm10Regs                           
1     00004a00  _EPwm11Regs                           
1     00004b00  _EPwm12Regs                           
1     00005000  _ECap1Regs                            
1     00005020  _ECap2Regs                            
1     00005040  _ECap3Regs                            
1     00005060  _ECap4Regs                            
1     00005080  _ECap5Regs                            
1     000050a0  _ECap6Regs                            
1     00005100  _EQep1Regs                            
1     00005140  _EQep2Regs                            
1     00005180  _EQep3Regs                            
1     00005c00  _DacaRegs                             
1     00005c10  _DacbRegs                             
1     00005c20  _DaccRegs                             
1     00005c80  _Cmpss1Regs                           
1     00005ca0  _Cmpss2Regs                           
1     00005cc0  _Cmpss3Regs                           
1     00005ce0  _Cmpss4Regs                           
1     00005d00  _Cmpss5Regs                           
1     00005d20  _Cmpss6Regs                           
1     00005d40  _Cmpss7Regs                           
1     00005d60  _Cmpss8Regs                           
1     00005e00  _Sdfm1Regs                            
1     00005e80  _Sdfm2Regs                            
1     00006000  _McbspaRegs                           
1     00006040  _McbspbRegs                           
1     00006100  _SpiaRegs                             
1     00006110  _SpibRegs                             
1     00006120  _SpicRegs                             
1     00006200  _UppRegs                              
1     00007000  _WdRegs                               
1     00007060  _NmiIntruptRegs                       
1     00007070  _XintRegs                             
1     00007200  _SciaRegs                             
1     00007210  _ScibRegs                             
1     00007220  _ScicRegs                             
1     00007230  _ScidRegs                             
1     00007300  _I2caRegs                             
1     00007340  _I2cbRegs                             
1     00007400  _AdcaRegs                             
1     00007480  _AdcbRegs                             
1     00007500  _AdccRegs                             
1     00007580  _AdcdRegs                             
1     00007900  _InputXbarRegs                        
1     00007920  _XbarRegs                             
1     00007940  _TrigRegs                             
1     00007980  _DmaClaSrcSelRegs                     
1     00007a00  _EPwmXbarRegs                         
1     00007a80  _OutputXbarRegs                       
1     00007c00  _GpioCtrlRegs                         
1     00007f00  _GpioDataRegs                         
1     0000a800  _PieVectTableInit                     
1     0000a9c0  _phaseshift                           
1     0000a9c1  _CMPAHR_VAL                           
1     0000a9c2  _VOUT_LIMLO                           
1     0000a9c3  _PWM_FINE_CTS                         
1     0000a9c4  _quadrant_k                           
1     0000a9c5  _quadrant                             
1     0000a9c6  _PERIOD_CTS                           
1     0000a9c7  _VOUT_LIMHI                           
1     0000a9c8  _VIN_LIMHI                            
1     0000a9c9  _IL_LIMLO                             
1     0000a9ca  _IL_LIMHI                             
1     0000a9cb  _MEP_ScaleFactor                      
1     0000a9cc  _SFO_status                           
1     0000a9cd  _VIN_LIMLO                            
1     0000a9ce  _TRIP_FLG                             
1     0000a9d0  _OUTPUT_STATE                         
1     0000a9d2  _Ipp                                  
1     0000a9d4  _Vset_FG                              
1     0000a9d6  _TLmeas                               
1     0000a9d8  _Tfetmeas                             
1     0000a9da  _cp2                                  
1     0000a9dc  _dummy                                
1     0000a9de  _cp1                                  
1     0000a9e0  _FAN_DUTY                             
1     0000a9e2  _FLAG_INT                             
1     0000a9e4  _I_LB                                 
1     0000a9e6  _I_UB                                 
1     0000a9e8  _C1                                   
1     0000a9ea  _C2                                   
1     0000a9ec  _B2                                   
1     0000a9ee  _alpha_PERIOD                         
1     0000a9f0  _ONE_DIV_L1                           
1     0000a9f2  _T_k_raw                              
1     0000a9f4  _d_k                                  
1     0000a9f6  _PWM_CTS                              
1     0000a9f8  _PWM_FRAC                             
1     0000a9fa  _D_TURNON                             
1     0000a9fc  _PWM_COURSE_CTS                       
1     0000a9fe  _OUTPUT_ON                            
1     0000aa00  _B1                                   
1     0000aa02  _T_k                                  
1     0000aa04  _A1                                   
1     0000aa06  _A2                                   
1     0000aa08  _Vctrl                                
1     0000aa0a  _Vset                                 
1     0000aa0c  _Vadc1                                
1     0000aa0e  _Icalc                                
1     0000aa10  _Dset                                 
1     0000aa12  _Dprog                                
1     0000aa14  _ILmeas                               
1     0000aa16  _Vadc6                                
1     0000aa18  _Vinmeas                              
1     0000aa1a  _Voutmeas                             
1     0000aa1c  _Vadc3                                
1     0000aa1e  _Vadc2                                
1     0000aa20  _Vadc5                                
1     0000aa22  _Vadc4                                
1     0000aa24  _clk_elapse                           
1     0000aa26  _Duty_T                               
1     0000aa2a  _ADC                                  
1     0000aa40  _PERIOD_FILT                          
1     0000aa4e  _CV_COMP                              
1     0000aa5c  _coeff1                               
1     0000aa6c  _var1                                 
1     0000aa80  _ePWM                                 
1     0000aa9a  _CpuTimer2                            
1     0000aaa2  _CpuTimer1                            
1     0000aaaa  _CpuTimer0                            
1     0000aab2  ___TI_cleanup_ptr                     
1     0000aab4  ___TI_dtors_ptr                       
1     0000aab6  __lock                                
1     0000aab8  __unlock                              
1     0000aaba  _errno                                
1     0000aac5  _SFO_CAL                              
1     0000aac6  _MEP_SF                               
1     00047000  _Emif1Regs                            
1     00047800  _Emif2Regs                            
1     0005d000  _DevCfgRegs                           
1     0005d180  _AnalogSubsysRegs                     
1     0005d200  _ClkCfgRegs                           
1     0005d300  _CpuSysRegs                           
1     0005e608  _RomPrefetchRegs                      
1     0005f000  _DcsmZ1Regs                           
1     0005f040  _DcsmZ2Regs                           
1     0005f070  _DcsmCommonRegs                       
1     0005f400  _MemCfgRegs                           
1     0005f480  _Emif1ConfigRegs                      
1     0005f4a0  _Emif2ConfigRegs                      
1     0005f4c0  _AccessProtectionRegs                 
1     0005f500  _MemoryErrorRegs                      
1     0005f540  _RomWaitStateRegs                     
1     0005f800  _Flash0CtrlRegs                       
1     0005fb00  _Flash0EccRegs                        
1     0005fc00  _Flash1CtrlRegs                       
1     0005ff00  _Flash1EccRegs                        
1     00078000  _DcsmZ1Otp                            
1     00078200  _DcsmZ2Otp                            
abs   00000200  __STACK_SIZE                          
abs   ffffffff  .text                                 
abs   ffffffff  ___TI_pprof_out_hndl                  
abs   ffffffff  ___TI_prof_data_size                  
abs   ffffffff  ___TI_prof_data_start                 
abs   ffffffff  ___binit__                            
abs   ffffffff  ___c_args__                           
abs   ffffffff  ___etext__                            
abs   ffffffff  ___pinit__                            
abs   ffffffff  ___text__                             
abs   ffffffff  binit                                 
abs   ffffffff  etext                                 
abs   ffffffff  pinit                                 

[403 symbols]
